============================================================
CLASSIFIER2 v5.7 TRAINING
============================================================
Pairwise CSV: Quantum Label Data - Pairwise_Comparisonv5.7.csv
Absolute CSV: Quantum Label Data - Absolute_Scoringv5.7.csv
Artifacts:    /Users/ymeng/Library/Mobile Documents/com~apple~CloudDocs/Desktop/Project Quantum/Classifier2/artifacts_v5.7
Device: mps
Loaded 996 pairwise comparisons from v1.8
  Train pairs: 195 (807 comparisons)
  Test pairs: 49 (189 comparisons)
Loaded 31 bad images
Loaded ideal images:
  (1 x 1): 41
  Twinned(2 x 1): 4
  c(6 x 2): 42
  (√13 x √13): 31
  HTR: 29
Loaded 1124 trajectory images
Valid pairwise entries: 801
Total ideal images: 147
  (1 x 1): 41
  Twinned(2 x 1): 4
  c(6 x 2): 42
  (√13 x √13): 31
  HTR: 29
Bad images: 31
Trajectory images: 1124
/Users/ymeng/Library/Python/3.9/lib/python/site-packages/torchvision/models/_utils.py:208: UserWarning: The parameter 'pretrained' is deprecated since 0.13 and may be removed in the future, please use 'weights' instead.
  warnings.warn(
/Users/ymeng/Library/Python/3.9/lib/python/site-packages/torchvision/models/_utils.py:223: UserWarning: Arguments other than a weight enum or `None` for 'weights' are deprecated since 0.13 and may be removed in the future. The current behavior is equivalent to passing `weights=None`.
  warnings.warn(msg)
Loading pretrained encoder from: /Users/ymeng/Library/Mobile Documents/com~apple~CloudDocs/Desktop/Project Quantum/Classifier1/artifacts/encoders/simclr_resnet18_encoder.pth
Model parameters: 11,309,125

Starting training for 30 epochs...
------------------------------------------------------------
Epoch   1/30 | Loss: 0.4181 | Best: 0.4181 | LR: 0.000100
Epoch   2/30 | Loss: 0.3839 | Best: 0.3839 | LR: 0.000099
Epoch   3/30 | Loss: 0.3427 | Best: 0.3427 | LR: 0.000098
Epoch   4/30 | Loss: 0.3166 | Best: 0.3166 | LR: 0.000096
Epoch   5/30 | Loss: 0.3152 | Best: 0.3152 | LR: 0.000093
Epoch   6/30 | Loss: 0.3039 | Best: 0.3039 | LR: 0.000090
Epoch   7/30 | Loss: 0.2833 | Best: 0.2833 | LR: 0.000087
Epoch   8/30 | Loss: 0.2821 | Best: 0.2821 | LR: 0.000083
Epoch   9/30 | Loss: 0.3384 | Best: 0.2821 | LR: 0.000079
Epoch  10/30 | Loss: 0.2858 | Best: 0.2821 | LR: 0.000075
Epoch  11/30 | Loss: 0.2724 | Best: 0.2724 | LR: 0.000070
Epoch  12/30 | Loss: 0.2946 | Best: 0.2724 | LR: 0.000065
Epoch  13/30 | Loss: 0.2841 | Best: 0.2724 | LR: 0.000060
Epoch  14/30 | Loss: 0.2438 | Best: 0.2438 | LR: 0.000055
Epoch  15/30 | Loss: 0.2821 | Best: 0.2438 | LR: 0.000050
Epoch  16/30 | Loss: 0.2681 | Best: 0.2438 | LR: 0.000045
Epoch  17/30 | Loss: 0.2363 | Best: 0.2363 | LR: 0.000040
Epoch  18/30 | Loss: 0.2734 | Best: 0.2363 | LR: 0.000035
Epoch  19/30 | Loss: 0.2421 | Best: 0.2363 | LR: 0.000030
Epoch  20/30 | Loss: 0.2814 | Best: 0.2363 | LR: 0.000025
Epoch  21/30 | Loss: 0.2695 | Best: 0.2363 | LR: 0.000021
Epoch  22/30 | Loss: 0.2509 | Best: 0.2363 | LR: 0.000017
Epoch  23/30 | Loss: 0.2091 | Best: 0.2091 | LR: 0.000013
Epoch  24/30 | Loss: 0.2570 | Best: 0.2091 | LR: 0.000010
Epoch  25/30 | Loss: 0.2600 | Best: 0.2091 | LR: 0.000007
Epoch  26/30 | Loss: 0.2454 | Best: 0.2091 | LR: 0.000004
Epoch  27/30 | Loss: 0.2828 | Best: 0.2091 | LR: 0.000002
Epoch  28/30 | Loss: 0.2701 | Best: 0.2091 | LR: 0.000001
Epoch  29/30 | Loss: 0.2409 | Best: 0.2091 | LR: 0.000000
Epoch  30/30 | Loss: 0.2541 | Best: 0.2091 | LR: 0.000000
------------------------------------------------------------
Training complete. Best loss: 0.2091
Best model: /Users/ymeng/Library/Mobile Documents/com~apple~CloudDocs/Desktop/Project Quantum/Classifier2/artifacts_v5.7/best_model.pth
Final model: /Users/ymeng/Library/Mobile Documents/com~apple~CloudDocs/Desktop/Project Quantum/Classifier2/artifacts_v5.7/final_model.pth

============================================================
PAIRWISE HOLDOUT EVALUATION (v5.7)
============================================================
Traceback (most recent call last):
  File "/Users/ymeng/Library/Mobile Documents/com~apple~CloudDocs/Desktop/Project Quantum/Classifier2/train_v5.7.py", line 117, in <module>
    train(epochs=30, batch_size=16, lr=1e-4, samples_per_epoch=500)
  File "/Users/ymeng/Library/Mobile Documents/com~apple~CloudDocs/Desktop/Project Quantum/Classifier2/train_v5.7.py", line 111, in train
    tu.evaluate_pairwise_holdout(model, test_pw, device)
  File "/Users/ymeng/Library/Mobile Documents/com~apple~CloudDocs/Desktop/Project Quantum/Classifier2/train_unified.py", line 568, in evaluate_pairwise_holdout
    img2 = Image.open(path2).convert('L')
  File "/Users/ymeng/Library/Python/3.9/lib/python/site-packages/PIL/Image.py", line 3524, in open
    prefix = fp.read(16)
TimeoutError: [Errno 60] Operation timed out
